* This file is a dictionary of all mob identifiers (modname:mobname) to help you.
* The MISC mobs can only be spawned as Psuedo Mobs.  They do not spawn normally.
* Some MISC things like Item Frames won't spawn propery.
* 
minecraft:allay, CREATURE
minecraft:armadillo, CREATURE
minecraft:axolotl, AXOLOTLS
minecraft:bat, AMBIENT
minecraft:bee, CREATURE
minecraft:blaze, MONSTER
minecraft:bogged, MONSTER
minecraft:breeze, MONSTER
minecraft:camel, CREATURE
minecraft:cat, CREATURE
minecraft:cave_spider, MONSTER
minecraft:chicken, CREATURE
minecraft:cod, WATER_AMBIENT
minecraft:cow, CREATURE
minecraft:creeper, MONSTER
minecraft:dolphin, WATER_CREATURE
minecraft:donkey, CREATURE
minecraft:drowned, MONSTER
minecraft:elder_guardian, MONSTER
minecraft:ender_dragon, MONSTER
minecraft:enderman, MONSTER
minecraft:endermite, MONSTER
minecraft:evoker, MONSTER
minecraft:fox, CREATURE
minecraft:frog, CREATURE
minecraft:ghast, MONSTER
minecraft:giant, MONSTER
minecraft:glow_squid, UNDERGROUND_WATER_CREATURE
minecraft:goat, CREATURE
minecraft:guardian, MONSTER
minecraft:hoglin, MONSTER
minecraft:horse, CREATURE
minecraft:husk, MONSTER
minecraft:illusioner, MONSTER
minecraft:llama, CREATURE
minecraft:magma_cube, MONSTER
minecraft:mooshroom, CREATURE
minecraft:mule, CREATURE
minecraft:ocelot, CREATURE
minecraft:panda, CREATURE
minecraft:parrot, CREATURE
minecraft:phantom, MONSTER
minecraft:pig, CREATURE
minecraft:piglin, MONSTER
minecraft:piglin_brute, MONSTER
minecraft:pillager, MONSTER
minecraft:polar_bear, CREATURE
minecraft:pufferfish, WATER_AMBIENT
minecraft:rabbit, CREATURE
minecraft:ravager, MONSTER
minecraft:salmon, WATER_AMBIENT
minecraft:sheep, CREATURE
minecraft:shulker, MONSTER
minecraft:silverfish, MONSTER
minecraft:skeleton, MONSTER
minecraft:skeleton_horse, CREATURE
minecraft:slime, MONSTER
minecraft:sniffer, CREATURE
minecraft:spider, MONSTER
minecraft:squid, WATER_CREATURE
minecraft:stray, MONSTER
minecraft:strider, CREATURE
minecraft:tadpole, CREATURE
minecraft:trader_llama, CREATURE
minecraft:tropical_fish, WATER_AMBIENT
minecraft:turtle, CREATURE
minecraft:vex, MONSTER
minecraft:vindicator, MONSTER
minecraft:wandering_trader, CREATURE
minecraft:warden, MONSTER
minecraft:witch, MONSTER
minecraft:wither, MONSTER
minecraft:wither_skeleton, MONSTER
minecraft:wolf, CREATURE
minecraft:zoglin, MONSTER
minecraft:zombie, MONSTER
minecraft:zombie_horse, CREATURE
minecraft:zombie_villager, MONSTER
minecraft:zombified_piglin, MONSTER
appledog:appledog, CREATURE
appledog:applepup, CREATURE
wilderwild:firefly, WILDERWILDFIREFLY
wilderwild:butterfly, WILDERWILDBUTTERFLY
wilderwild:jellyfish, WILDERWILDJELLYFISH
wilderwild:tumbleweed, WILDERWILDTUMBLEWEED
wilderwild:crab, WILDERWILDCRAB
wilderwild:ostrich, CREATURE
wilderwild:scorched, MONSTER
wilderwild:moobloom, CREATURE
wilderwild:penguin, CREATURE
friendsandfoes:crab, CREATURE
friendsandfoes:glare, GLARES
friendsandfoes:iceologer, MONSTER
friendsandfoes:illusioner, MONSTER
friendsandfoes:mauler, CREATURE
friendsandfoes:moobloom, CREATURE
friendsandfoes:rascal, RASCALS
friendsandfoes:wildfire, MONSTER
mooblooms:dandelion_moobloom, CREATURE
mooblooms:poppy_moobloom, CREATURE
mooblooms:blue_orchid_moobloom, CREATURE
mooblooms:allium_moobloom, CREATURE
mooblooms:oxeye_daisy_moobloom, CREATURE
mooblooms:cornflower_moobloom, CREATURE
mooblooms:wither_rose_moobloom, CREATURE
mooblooms:suncower, CREATURE
mooblooms:bambmoo, CREATURE
mooblooms:cowctus, CREATURE
mooblooms:cherry_moobloom, CREATURE
mooblooms:azalea_moobloom, AMBIENT
mooblooms:dripleaf_moobloom, AMBIENT
mooblooms:chorus_moobloom, CREATURE
mooblooms:crimson_mooshroom, CREATURE
mooblooms:warped_mooshroom, CREATURE
mooblooms:red_cluckshroom, CREATURE
mooblooms:brown_cluckshroom, CREATURE
mooblooms:crimson_cluckshroom, CREATURE
mooblooms:warped_cluckshroom, CREATURE
snuffles:snuffle, CREATURE
tide:slimy_salmon, WATER_AMBIENT
tide:devils_hole_pupfish, WATER_AMBIENT
tide:white_crappie, WATER_AMBIENT
tide:marstilus, WATER_AMBIENT
tide:blossom_bass, WATER_AMBIENT
tide:catfish, WATER_AMBIENT
tide:mackerel, WATER_AMBIENT
tide:anglerfish, WATER_AMBIENT
tide:angelfish, WATER_AMBIENT
tide:warped_guppy, WATER_AMBIENT
tide:dripstone_darter, WATER_AMBIENT
tide:aquathorn, WATER_AMBIENT
tide:deep_blue, WATER_AMBIENT
tide:inferno_guppy, WATER_AMBIENT
tide:pike, WATER_AMBIENT
tide:guppy, WATER_AMBIENT
tide:ash_perch, WATER_AMBIENT
tide:carp, WATER_AMBIENT
tide:frostbite_flounder, WATER_AMBIENT
tide:alpha_fish, WATER_AMBIENT
tide:mantyvern, WATER_AMBIENT
tide:bedrock_bug, WATER_AMBIENT
tide:vengeance, WATER_AMBIENT
tide:dutchman_sock, WATER_AMBIENT
tide:endergazer, WATER_AMBIENT
tide:blue_neonfish, WATER_AMBIENT
tide:mooneye, WATER_AMBIENT
tide:soulscale, WATER_AMBIENT
tide:obsidian_pike, WATER_AMBIENT
tide:spore_stalker, WATER_AMBIENT
tide:amber_rockfish, WATER_AMBIENT
tide:ender_glider, WATER_AMBIENT
tide:largemouth_bass, WATER_AMBIENT
tide:coelacanth, WATER_AMBIENT
tide:mahi_mahi, WATER_AMBIENT
tide:arapaima, WATER_AMBIENT
tide:gilded_minnow, WATER_AMBIENT
tide:sturgeon, WATER_AMBIENT
tide:pale_clubfish, WATER_AMBIENT
tide:magma_mackerel, WATER_AMBIENT
tide:enderfin, WATER_AMBIENT
tide:brook_trout, WATER_AMBIENT
tide:cave_eel, WATER_AMBIENT
tide:sand_tiger_shark, WATER_AMBIENT
tide:anchovy, WATER_AMBIENT
tide:great_white_shark, WATER_AMBIENT
tide:voidseeker, WATER_AMBIENT
tide:sailfish, WATER_AMBIENT
tide:dragon_fish, WATER_AMBIENT
tide:witherfin, WATER_AMBIENT
tide:ocean_perch, WATER_AMBIENT
tide:glowfish, WATER_AMBIENT
tide:bluegill, WATER_AMBIENT
tide:cave_crawler, WATER_AMBIENT
tide:crimson_fangjaw, WATER_AMBIENT
tide:shadow_shark, WATER_AMBIENT
tide:bedrock_tetra, WATER_AMBIENT
tide:iron_tetra, WATER_AMBIENT
tide:deep_grouper, WATER_AMBIENT
tide:sun_emblem, WATER_AMBIENT
tide:shadow_snapper, WATER_AMBIENT
tide:chasm_eel, WATER_AMBIENT
tide:elytrout, WATER_AMBIENT
tide:sleepy_carp, WATER_AMBIENT
tide:pentapus, WATER_AMBIENT
tide:walleye, WATER_AMBIENT
tide:windbass, WATER_AMBIENT
tide:bull_shark, WATER_AMBIENT
tide:yellow_perch, WATER_AMBIENT
tide:blazing_swordfish, WATER_AMBIENT
tide:swordfish, WATER_AMBIENT
tide:red_snapper, WATER_AMBIENT
tide:lapis_lanternfish, WATER_AMBIENT
tide:luminescent_jellyfish, WATER_AMBIENT
tide:red_40, WATER_AMBIENT
tide:neptune_koi, WATER_AMBIENT
tide:crystal_shrimp, WATER_AMBIENT
tide:volcano_tuna, WATER_AMBIENT
tide:violet_carp, WATER_AMBIENT
tide:smallmouth_bass, WATER_AMBIENT
tide:echo_snapper, WATER_AMBIENT
tide:nephrosilu, WATER_AMBIENT
tide:black_crappie, WATER_AMBIENT
tide:shooting_starfish, WATER_AMBIENT
tide:tuna, WATER_AMBIENT
tide:snatcher_squid, WATER_AMBIENT
tide:crystalline_carp, WATER_AMBIENT
tide:saturn_cuttlefish, WATER_AMBIENT
tide:midas_fish, WATER_AMBIENT
tide:rainbow_trout, WATER_AMBIENT
tide:snook, WATER_AMBIENT
tide:chorus_cod, WATER_AMBIENT
tide:judgment_fish, WATER_AMBIENT
tide:ember_koi, WATER_AMBIENT
tide:darkness_eater, WATER_AMBIENT
tide:flounder, WATER_AMBIENT
tide:manta_ray, WATER_AMBIENT
tide:abyss_angler, WATER_AMBIENT
tide:uranias_pisces, WATER_AMBIENT
tide:pluto_snail, WATER_AMBIENT
tide:mirage_catfish, WATER_AMBIENT
tide:incandescent_larva, WATER_AMBIENT
minecraft:creaking, MONSTER
minecraft:happy_ghast, CREATURE
