* This is the StructMobWeight report file that is output every time the server starts.
* 
* Spawn Balance Utility (SBU) will use this file ONLY if it is renamed to StructMobWeight.csv.
* Lines starting with '*' are comments and ignored
* It allows you to add and remove mobs and adjust their spawnweights for Structures
* like shipwrecks, nether fortresses, water monuments, etc.
* 
1, nova_structures:shrine_combat_tier_4, HEADING, header:ignore, 0, 0, 0
2, minecraft:village_taiga, HEADING, header:ignore, 0, 0, 0
3, nova_structures:end_lighthouse, HEADING, header:ignore, 0, 0, 0
4, nova_structures:illager_manor, HEADING, header:ignore, 0, 0, 0
5, minecraft:fortress, HEADING, header:ignore, 0, 0, 0
6, minecraft:fortress, MONSTER, minecraft:blaze, 10, 2, 3
7, minecraft:fortress, MONSTER, minecraft:zombified_piglin, 5, 4, 4
8, minecraft:fortress, MONSTER, minecraft:wither_skeleton, 8, 5, 5
9, minecraft:fortress, MONSTER, minecraft:skeleton, 20, 5, 5
10, minecraft:fortress, MONSTER, minecraft:magma_cube, 30, 4, 4
11, nova_structures:firewatch_tower_dark_oak, HEADING, header:ignore, 0, 0, 0
12, minecraft:ruined_portal_mountain, HEADING, header:ignore, 0, 0, 0
13, explorify:watchtower/taiga, HEADING, header:ignore, 0, 0, 0
14, explorify:farmstead, HEADING, header:ignore, 0, 0, 0
15, explorify:supply_cache/birch, HEADING, header:ignore, 0, 0, 0
16, minecraft:village_snowy, HEADING, header:ignore, 0, 0, 0
17, structory:abandoned_camp, HEADING, header:ignore, 0, 0, 0
18, explorify:dark_forest_settlement, HEADING, header:ignore, 0, 0, 0
19, explorify:badlands_pyramid, HEADING, header:ignore, 0, 0, 0
20, nova_structures:firewatch_tower_cherry, HEADING, header:ignore, 0, 0, 0
21, explorify:mangrove_hut, HEADING, header:ignore, 0, 0, 0
22, minecraft:ruined_portal_ocean, HEADING, header:ignore, 0, 0, 0
23, nova_structures:well_dark_oak, HEADING, header:ignore, 0, 0, 0
24, nova_structures:well_birch, HEADING, header:ignore, 0, 0, 0
25, nova_structures:tavern_cherry, HEADING, header:ignore, 0, 0, 0
26, friendsandfoes:citadel, HEADING, header:ignore, 0, 0, 0
27, friendsandfoes:citadel, MONSTER, minecraft:blaze, 5, 1, 2
28, structory:dense_forest_ruin, HEADING, header:ignore, 0, 0, 0
29, nova_structures:wild_ruin, HEADING, header:ignore, 0, 0, 0
30, nova_structures:skeleton_camp_warped, HEADING, header:ignore, 0, 0, 0
31, nova_structures:undead_crypt, HEADING, header:ignore, 0, 0, 0
32, nova_structures:firewatch_tower_savanna, HEADING, header:ignore, 0, 0, 0
33, nova_structures:underground_house, HEADING, header:ignore, 0, 0, 0
34, minecraft:ruined_portal, HEADING, header:ignore, 0, 0, 0
35, minecraft:pillager_outpost, HEADING, header:ignore, 0, 0, 0
36, minecraft:pillager_outpost, MONSTER, minecraft:pillager, 5, 1, 1
37, nova_structures:well_oak, HEADING, header:ignore, 0, 0, 0
38, betterjungletemples:jungle_temple, HEADING, header:ignore, 0, 0, 0
39, nova_structures:conduit_ruin, HEADING, header:ignore, 0, 0, 0
40, nova_structures:conduit_ruin, MONSTER, minecraft:guardian, 5, 1, 1
41, nova_structures:conduit_ruin, MONSTER, minecraft:drowned, 5, 1, 2
42, nova_structures:skeleton_camp_soul, HEADING, header:ignore, 0, 0, 0
43, explorify:campsite, HEADING, header:ignore, 0, 0, 0
44, nova_structures:shrine_combat_tier_3, HEADING, header:ignore, 0, 0, 0
45, nova_structures:remnant_forest_smith, HEADING, header:ignore, 0, 0, 0
46, explorify:mausoleum, HEADING, header:ignore, 0, 0, 0
47, nova_structures:creeping_crypt, HEADING, header:ignore, 0, 0, 0
48, nova_structures:village_swamp, HEADING, header:ignore, 0, 0, 0
49, nova_structures:firewatch_tower_taiga, HEADING, header:ignore, 0, 0, 0
50, nova_structures:remnant_ominous_shop, HEADING, header:ignore, 0, 0, 0
51, nova_structures:firewatch_tower_swamp, HEADING, header:ignore, 0, 0, 0
52, explorify:supply_cache/dark, HEADING, header:ignore, 0, 0, 0
53, minecraft:village_desert, HEADING, header:ignore, 0, 0, 0
54, minecraft:end_city, HEADING, header:ignore, 0, 0, 0
55, nova_structures:remnant_sawmill, HEADING, header:ignore, 0, 0, 0
56, nova_structures:hamlet, HEADING, header:ignore, 0, 0, 0
57, explorify:guide_post_cold, HEADING, header:ignore, 0, 0, 0
58, minecraft:ruined_portal_swamp, HEADING, header:ignore, 0, 0, 0
59, minecraft:ruined_portal_jungle, HEADING, header:ignore, 0, 0, 0
60, structory:firetower, HEADING, header:ignore, 0, 0, 0
61, nova_structures:toxic_lair, HEADING, header:ignore, 0, 0, 0
62, nova_structures:toxic_lair, MONSTER, minecraft:spider, 80, 4, 4
63, nova_structures:toxic_lair, MONSTER, minecraft:zombie, 80, 4, 16
64, nova_structures:toxic_lair, MONSTER, minecraft:zombie_villager, 5, 1, 1
65, nova_structures:toxic_lair, MONSTER, minecraft:skeleton, 80, 4, 4
66, nova_structures:toxic_lair, MONSTER, minecraft:creeper, 80, 4, 4
67, nova_structures:toxic_lair, MONSTER, minecraft:slime, 80, 4, 4
68, nova_structures:toxic_lair, MONSTER, minecraft:enderman, 30, 1, 4
69, nova_structures:toxic_lair, MONSTER, minecraft:cave_spider, 80, 1, 16
70, nova_structures:toxic_lair, MONSTER, minecraft:drowned, 80, 4, 4
71, nova_structures:toxic_lair, MONSTER, minecraft:witch, 80, 1, 1
72, nova_structures:toxic_lair, MONSTER, minecraft:bogged, 80, 1, 1
73, nova_structures:toxic_lair, MONSTER, minecraft:pufferfish, 80, 1, 1
74, minecraft:ocean_ruin_warm, HEADING, header:ignore, 0, 0, 0
75, nova_structures:nether_skeleton_tower_crimson, HEADING, header:ignore, 0, 0, 0
76, nova_structures:well_spruce, HEADING, header:ignore, 0, 0, 0
77, nova_structures:remnant_bunny_base, HEADING, header:ignore, 0, 0, 0
78, nova_structures:remnant_miner_hut, HEADING, header:ignore, 0, 0, 0
79, structory:taiga_ruin_underground, HEADING, header:ignore, 0, 0, 0
80, nova_structures:remnant_big_remnant, HEADING, header:ignore, 0, 0, 0
81, nova_structures:well_savana, HEADING, header:ignore, 0, 0, 0
82, nova_structures:remnant_ruin_smith, HEADING, header:ignore, 0, 0, 0
83, nova_structures:skeleton_camp_crimson, HEADING, header:ignore, 0, 0, 0
84, explorify:supply_cache/forest, HEADING, header:ignore, 0, 0, 0
85, structory:outcast_villager_grassy, HEADING, header:ignore, 0, 0, 0
86, nova_structures:lone_citadel, HEADING, header:ignore, 0, 0, 0
87, nova_structures:remnant_graveyard, HEADING, header:ignore, 0, 0, 0
88, nova_structures:end_castle, HEADING, header:ignore, 0, 0, 0
89, nova_structures:end_castle, MONSTER, minecraft:phantom, 80, 4, 4
90, nova_structures:end_castle, MONSTER, minecraft:enderman, 80, 1, 4
91, nova_structures:end_castle, MONSTER, minecraft:endermite, 80, 1, 16
92, nova_structures:village_jungle, HEADING, header:ignore, 0, 0, 0
93, nova_structures:tavern_birch, HEADING, header:ignore, 0, 0, 0
94, nova_structures:firewatch_tower_forest, HEADING, header:ignore, 0, 0, 0
95, nova_structures:remnant_school_remnant, HEADING, header:ignore, 0, 0, 0
96, nova_structures:remnant_big_remnant_2, HEADING, header:ignore, 0, 0, 0
97, nova_structures:nether_skeleton_tower_warped, HEADING, header:ignore, 0, 0, 0
98, nova_structures:piglin_outstation, HEADING, header:ignore, 0, 0, 0
99, nova_structures:piglin_outstation, MONSTER, minecraft:piglin, 5, 1, 1
100, minecraft:village_savanna, HEADING, header:ignore, 0, 0, 0
101, minecraft:ruined_portal_nether, HEADING, header:ignore, 0, 0, 0
102, explorify:end_shipwreck, HEADING, header:ignore, 0, 0, 0
103, nova_structures:jungle_ruins, HEADING, header:ignore, 0, 0, 0
104, nova_structures:jungle_ruins, MONSTER, minecraft:spider, 80, 4, 4
105, nova_structures:jungle_ruins, MONSTER, minecraft:zombie, 80, 4, 4
106, nova_structures:jungle_ruins, MONSTER, minecraft:zombie_villager, 5, 1, 1
107, nova_structures:jungle_ruins, MONSTER, minecraft:skeleton, 80, 4, 4
108, nova_structures:jungle_ruins, MONSTER, minecraft:creeper, 80, 4, 4
109, nova_structures:jungle_ruins, MONSTER, minecraft:slime, 80, 4, 4
110, nova_structures:jungle_ruins, MONSTER, minecraft:enderman, 30, 1, 4
111, nova_structures:jungle_ruins, MONSTER, minecraft:drowned, 80, 4, 4
112, nova_structures:jungle_ruins, MONSTER, minecraft:witch, 5, 1, 1
113, nova_structures:jungle_ruins, MONSTER, minecraft:bogged, 80, 4, 4
114, minecraft:trial_chambers, HEADING, header:ignore, 0, 0, 0
115, friendsandfoes:illusioner_training_grounds, HEADING, header:ignore, 0, 0, 0
116, friendsandfoes:illusioner_training_grounds, MONSTER, friendsandfoes:illusioner, 5, 1, 1
117, friendsandfoes:illusioner_training_grounds, MONSTER, minecraft:pillager, 20, 1, 2
118, nova_structures:nether_skeleton_tower_soul, HEADING, header:ignore, 0, 0, 0
119, nova_structures:remnant_woodland_hud, HEADING, header:ignore, 0, 0, 0
120, nova_structures:shrine_combat_tier_1, HEADING, header:ignore, 0, 0, 0
121, nova_structures:remnant_mud_brick_constructor, HEADING, header:ignore, 0, 0, 0
122, friendsandfoes:illusioner_shack, HEADING, header:ignore, 0, 0, 0
123, friendsandfoes:illusioner_shack, MONSTER, friendsandfoes:illusioner, 5, 1, 1
124, minecraft:shipwreck, HEADING, header:ignore, 0, 0, 0
125, minecraft:trail_ruins, HEADING, header:ignore, 0, 0, 0
126, structory:swamp_ruin, HEADING, header:ignore, 0, 0, 0
127, minecraft:nether_fossil, HEADING, header:ignore, 0, 0, 0
128, nova_structures:remnant_bridge_remnant, HEADING, header:ignore, 0, 0, 0
129, nova_structures:nether_keep, HEADING, header:ignore, 0, 0, 0
130, nova_structures:nether_keep, MONSTER, minecraft:blaze, 80, 2, 3
131, nova_structures:nether_keep, MONSTER, minecraft:zombified_piglin, 50, 4, 4
132, nova_structures:nether_keep, MONSTER, minecraft:wither_skeleton, 80, 5, 5
133, nova_structures:nether_keep, MONSTER, minecraft:skeleton, 20, 5, 5
134, nova_structures:nether_keep, MONSTER, minecraft:magma_cube, 30, 4, 4
135, nova_structures:remnant_desert_remnant, HEADING, header:ignore, 0, 0, 0
136, friendsandfoes:iceologer_cabin, HEADING, header:ignore, 0, 0, 0
137, friendsandfoes:iceologer_cabin, MONSTER, friendsandfoes:iceologer, 5, 1, 1
138, nova_structures:tavern_jungle, HEADING, header:ignore, 0, 0, 0
139, explorify:ruins, HEADING, header:ignore, 0, 0, 0
140, structory:abandoned_chapel, HEADING, header:ignore, 0, 0, 0
141, explorify:watchtower/savanna, HEADING, header:ignore, 0, 0, 0
142, nova_structures:stray_fort, HEADING, header:ignore, 0, 0, 0
143, nova_structures:stray_fort, MONSTER, minecraft:stray, 5, 1, 32
144, structory:outcast_villager_desert, HEADING, header:ignore, 0, 0, 0
145, nova_structures:bunker, HEADING, header:ignore, 0, 0, 0
146, nova_structures:tavern_desert, HEADING, header:ignore, 0, 0, 0
147, nova_structures:desert_ruins, HEADING, header:ignore, 0, 0, 0
148, explorify:supply_cache/desert, HEADING, header:ignore, 0, 0, 0
149, minecraft:igloo, HEADING, header:ignore, 0, 0, 0
150, nova_structures:tavern_acacia, HEADING, header:ignore, 0, 0, 0
151, nova_structures:remnant_ruin_farmer, HEADING, header:ignore, 0, 0, 0
152, structory:northern_ruin, HEADING, header:ignore, 0, 0, 0
153, minecraft:mansion, HEADING, header:ignore, 0, 0, 0
154, nova_structures:illager_hideout, HEADING, header:ignore, 0, 0, 0
155, nova_structures:remnant_medium_remnant_2, HEADING, header:ignore, 0, 0, 0
156, nova_structures:deepslate_camp, HEADING, header:ignore, 0, 0, 0
157, nova_structures:witch_villa, HEADING, header:ignore, 0, 0, 0
158, nova_structures:ruin_town, HEADING, header:ignore, 0, 0, 0
159, structory:boat, HEADING, header:ignore, 0, 0, 0
160, nova_structures:piglin_camp, HEADING, header:ignore, 0, 0, 0
161, minecraft:jungle_pyramid, HEADING, header:ignore, 0, 0, 0
162, nova_structures:remnant_taiga_castle, HEADING, header:ignore, 0, 0, 0
163, nova_structures:tavern_snowy, HEADING, header:ignore, 0, 0, 0
164, nova_structures:nether_skeleton_tower_waste, HEADING, header:ignore, 0, 0, 0
165, nova_structures:well_jungle, HEADING, header:ignore, 0, 0, 0
166, nova_structures:shrine_tower, HEADING, header:ignore, 0, 0, 0
167, minecraft:bastion_remnant, HEADING, header:ignore, 0, 0, 0
168, structory:graveyard, HEADING, header:ignore, 0, 0, 0
169, minecraft:shipwreck_beached, HEADING, header:ignore, 0, 0, 0
170, nova_structures:remnant_zombie_horse_ranch, HEADING, header:ignore, 0, 0, 0
171, nova_structures:badlands_miner_outpost, HEADING, header:ignore, 0, 0, 0
172, nova_structures:village_birch, HEADING, header:ignore, 0, 0, 0
173, nova_structures:tavern_oak, HEADING, header:ignore, 0, 0, 0
174, nova_structures:mangrove_witch_hut, HEADING, header:ignore, 0, 0, 0
175, nova_structures:mangrove_witch_hut, MONSTER, minecraft:witch, 5, 1, 1
176, nova_structures:mangrove_witch_hut, CREATURE, minecraft:cat, 5, 1, 1
177, explorify:black_spiral, HEADING, header:ignore, 0, 0, 0
178, minecraft:village_plains, HEADING, header:ignore, 0, 0, 0
179, nova_structures:firewatch_tower_mangrove, HEADING, header:ignore, 0, 0, 0
180, explorify:desert_shrine, HEADING, header:ignore, 0, 0, 0
181, nova_structures:piglin_donjon, HEADING, header:ignore, 0, 0, 0
182, nullscape:rift, HEADING, header:ignore, 0, 0, 0
183, nova_structures:tavern_spruce, HEADING, header:ignore, 0, 0, 0
184, nova_structures:shrine_combat_tier_5, HEADING, header:ignore, 0, 0, 0
185, nova_structures:shrine_combat_tier_2, HEADING, header:ignore, 0, 0, 0
186, minecraft:monument, HEADING, header:ignore, 0, 0, 0
187, minecraft:monument, MONSTER, minecraft:guardian, 5, 2, 4
188, explorify:supply_cache/mangrove, HEADING, header:ignore, 0, 0, 0
189, minecraft:buried_treasure, HEADING, header:ignore, 0, 0, 0
190, nova_structures:tavern_swamp, HEADING, header:ignore, 0, 0, 0
191, minecraft:ocean_ruin_cold, HEADING, header:ignore, 0, 0, 0
192, nova_structures:remnant_classic_village, HEADING, header:ignore, 0, 0, 0
193, explorify:watchtower/plains, HEADING, header:ignore, 0, 0, 0
194, nova_structures:remnant_medium_remnant, HEADING, header:ignore, 0, 0, 0
195, nullscape:dragon_skeleton, HEADING, header:ignore, 0, 0, 0
196, nova_structures:firewatch_tower_jungle, HEADING, header:ignore, 0, 0, 0
197, minecraft:stronghold, HEADING, header:ignore, 0, 0, 0
198, minecraft:stronghold, MONSTER, minecraft:spider, 80, 4, 4
199, minecraft:stronghold, MONSTER, minecraft:zombie, 80, 4, 16
200, minecraft:stronghold, MONSTER, minecraft:zombie_villager, 5, 1, 1
201, minecraft:stronghold, MONSTER, minecraft:skeleton, 80, 4, 4
202, minecraft:stronghold, MONSTER, minecraft:creeper, 80, 4, 4
203, minecraft:stronghold, MONSTER, minecraft:slime, 80, 4, 4
204, minecraft:stronghold, MONSTER, minecraft:enderman, 80, 1, 4
205, minecraft:stronghold, MONSTER, minecraft:endermite, 80, 1, 16
206, minecraft:stronghold, MONSTER, minecraft:drowned, 80, 4, 4
207, minecraft:stronghold, MONSTER, minecraft:witch, 5, 1, 1
208, explorify:tavern, HEADING, header:ignore, 0, 0, 0
209, minecraft:mineshaft, HEADING, header:ignore, 0, 0, 0
210, structory:jungle_ruin, HEADING, header:ignore, 0, 0, 0
211, structory:jungle_ruin, MONSTER, minecraft:creeper, 10, 4, 4
212, explorify:guide_post_warm, HEADING, header:ignore, 0, 0, 0
213, minecraft:desert_pyramid, HEADING, header:ignore, 0, 0, 0
214, minecraft:mineshaft_mesa, HEADING, header:ignore, 0, 0, 0
215, nova_structures:illager_camp, HEADING, header:ignore, 0, 0, 0
216, nova_structures:tavern_dark_oak, HEADING, header:ignore, 0, 0, 0
217, explorify:supply_cache/taiga, HEADING, header:ignore, 0, 0, 0
218, nova_structures:remnant_bee_keeper, HEADING, header:ignore, 0, 0, 0
219, structory:taiga_ruin_surface, HEADING, header:ignore, 0, 0, 0
220, nova_structures:tavern_mangrove, HEADING, header:ignore, 0, 0, 0
221, nova_structures:skeleton_camp_waste, HEADING, header:ignore, 0, 0, 0
222, nova_structures:remnant_birch_graveyard, HEADING, header:ignore, 0, 0, 0
223, minecraft:ancient_city, HEADING, header:ignore, 0, 0, 0
224, minecraft:swamp_hut, HEADING, header:ignore, 0, 0, 0
225, minecraft:swamp_hut, MONSTER, minecraft:witch, 5, 1, 1
226, minecraft:swamp_hut, CREATURE, minecraft:cat, 5, 1, 1
227, explorify:supply_cache/jungle, HEADING, header:ignore, 0, 0, 0
228, nova_structures:firewatch_tower_birch, HEADING, header:ignore, 0, 0, 0
229, nova_structures:trident_trial_monument, HEADING, header:ignore, 0, 0, 0
230, nova_structures:nether_port, HEADING, header:ignore, 0, 0, 0
231, nova_structures:nether_port, MONSTER, minecraft:blaze, 10, 1, 2
232, nova_structures:nether_port, MONSTER, minecraft:zombified_piglin, 5, 1, 2
233, nova_structures:nether_port, MONSTER, minecraft:wither_skeleton, 10, 1, 3
234, nova_structures:nether_port, MONSTER, minecraft:skeleton, 10, 1, 5
235, nova_structures:nether_port, MONSTER, minecraft:magma_cube, 30, 1, 2
236, structory:ruin_grassy, HEADING, header:ignore, 0, 0, 0
237, nova_structures:remnant_frog_ranch, HEADING, header:ignore, 0, 0, 0
238, nova_structures:end_ship, HEADING, header:ignore, 0, 0, 0
239, nova_structures:remnant_big_remnant_3, HEADING, header:ignore, 0, 0, 0
240, structory:old_manor, HEADING, header:ignore, 0, 0, 0
241, minecraft:ruined_portal_desert, HEADING, header:ignore, 0, 0, 0
