* This is the StructMobWeight report file that is output every time the server starts.
* 
* Spawn Balance Utility (SBU) will use this file ONLY if it is renamed to StructMobWeight.csv.
* Lines starting with '*' are comments and ignored
* It allows you to add and remove mobs and adjust their spawnweights for Structures
* like shipwrecks, nether fortresses, water monuments, etc.
* 
1, minecraft:ruined_portal_nether, HEADING, header:ignore, 0, 0, 0
2, nova_structures:remnant_medium_remnant_2, HEADING, header:ignore, 0, 0, 0
3, minecraft:fortress, HEADING, header:ignore, 0, 0, 0
4, minecraft:fortress, MONSTER, minecraft:blaze, 10, 2, 3
5, minecraft:fortress, MONSTER, minecraft:zombified_piglin, 5, 4, 4
6, minecraft:fortress, MONSTER, minecraft:wither_skeleton, 8, 5, 5
7, minecraft:fortress, MONSTER, minecraft:skeleton, 20, 5, 5
8, minecraft:fortress, MONSTER, minecraft:magma_cube, 30, 4, 4
9, nova_structures:illager_manor, HEADING, header:ignore, 0, 0, 0
10, nova_structures:firewatch_tower_cherry, HEADING, header:ignore, 0, 0, 0
11, nova_structures:toxic_lair, HEADING, header:ignore, 0, 0, 0
12, nova_structures:toxic_lair, MONSTER, minecraft:spider, 80, 4, 4
13, nova_structures:toxic_lair, MONSTER, minecraft:zombie, 80, 4, 16
14, nova_structures:toxic_lair, MONSTER, minecraft:zombie_villager, 5, 1, 1
15, nova_structures:toxic_lair, MONSTER, minecraft:skeleton, 80, 4, 4
16, nova_structures:toxic_lair, MONSTER, minecraft:creeper, 80, 4, 4
17, nova_structures:toxic_lair, MONSTER, minecraft:slime, 80, 4, 4
18, nova_structures:toxic_lair, MONSTER, minecraft:enderman, 30, 1, 4
19, nova_structures:toxic_lair, MONSTER, minecraft:cave_spider, 80, 1, 16
20, nova_structures:toxic_lair, MONSTER, minecraft:drowned, 80, 4, 4
21, nova_structures:toxic_lair, MONSTER, minecraft:witch, 80, 1, 1
22, nova_structures:toxic_lair, MONSTER, minecraft:bogged, 80, 1, 1
23, nova_structures:toxic_lair, MONSTER, minecraft:pufferfish, 80, 1, 1
24, explorify:supply_cache/desert, HEADING, header:ignore, 0, 0, 0
25, structory:taiga_ruin_underground, HEADING, header:ignore, 0, 0, 0
26, nova_structures:remnant_zombie_horse_ranch, HEADING, header:ignore, 0, 0, 0
27, nova_structures:shrine_combat_tier_4, HEADING, header:ignore, 0, 0, 0
28, nova_structures:remnant_big_remnant_2, HEADING, header:ignore, 0, 0, 0
29, explorify:guide_post_cold, HEADING, header:ignore, 0, 0, 0
30, nova_structures:well_oak, HEADING, header:ignore, 0, 0, 0
31, nova_structures:tavern_spruce, HEADING, header:ignore, 0, 0, 0
32, nova_structures:remnant_bunny_base, HEADING, header:ignore, 0, 0, 0
33, structory:swamp_ruin, HEADING, header:ignore, 0, 0, 0
34, nova_structures:remnant_bridge_remnant, HEADING, header:ignore, 0, 0, 0
35, nova_structures:tavern_mangrove, HEADING, header:ignore, 0, 0, 0
36, explorify:supply_cache/taiga, HEADING, header:ignore, 0, 0, 0
37, nova_structures:firewatch_tower_taiga, HEADING, header:ignore, 0, 0, 0
38, nova_structures:bunker, HEADING, header:ignore, 0, 0, 0
39, minecraft:ruined_portal_desert, HEADING, header:ignore, 0, 0, 0
40, nova_structures:skeleton_camp_soul, HEADING, header:ignore, 0, 0, 0
41, explorify:tavern, HEADING, header:ignore, 0, 0, 0
42, structory:taiga_ruin_surface, HEADING, header:ignore, 0, 0, 0
43, explorify:mausoleum, HEADING, header:ignore, 0, 0, 0
44, minecraft:mansion, HEADING, header:ignore, 0, 0, 0
45, structory:abandoned_chapel, HEADING, header:ignore, 0, 0, 0
46, nova_structures:firewatch_tower_birch, HEADING, header:ignore, 0, 0, 0
47, minecraft:village_taiga, HEADING, header:ignore, 0, 0, 0
48, nova_structures:well_dark_oak, HEADING, header:ignore, 0, 0, 0
49, nova_structures:witch_villa, HEADING, header:ignore, 0, 0, 0
50, nova_structures:tavern_birch, HEADING, header:ignore, 0, 0, 0
51, nova_structures:conduit_ruin, HEADING, header:ignore, 0, 0, 0
52, nova_structures:conduit_ruin, MONSTER, minecraft:guardian, 5, 1, 1
53, nova_structures:conduit_ruin, MONSTER, minecraft:drowned, 5, 1, 2
54, nova_structures:end_ship, HEADING, header:ignore, 0, 0, 0
55, nova_structures:remnant_taiga_castle, HEADING, header:ignore, 0, 0, 0
56, nova_structures:remnant_big_remnant_3, HEADING, header:ignore, 0, 0, 0
57, nova_structures:remnant_miner_hut, HEADING, header:ignore, 0, 0, 0
58, nova_structures:nether_skeleton_tower_warped, HEADING, header:ignore, 0, 0, 0
59, nova_structures:skeleton_camp_crimson, HEADING, header:ignore, 0, 0, 0
60, friendsandfoes:citadel, HEADING, header:ignore, 0, 0, 0
61, friendsandfoes:citadel, MONSTER, minecraft:blaze, 5, 1, 2
62, nova_structures:nether_keep, HEADING, header:ignore, 0, 0, 0
63, nova_structures:nether_keep, MONSTER, minecraft:blaze, 80, 2, 3
64, nova_structures:nether_keep, MONSTER, minecraft:zombified_piglin, 50, 4, 4
65, nova_structures:nether_keep, MONSTER, minecraft:wither_skeleton, 80, 5, 5
66, nova_structures:nether_keep, MONSTER, minecraft:skeleton, 20, 5, 5
67, nova_structures:nether_keep, MONSTER, minecraft:magma_cube, 30, 4, 4
68, friendsandfoes:iceologer_cabin, HEADING, header:ignore, 0, 0, 0
69, friendsandfoes:iceologer_cabin, MONSTER, friendsandfoes:iceologer, 5, 1, 1
70, nova_structures:skeleton_camp_warped, HEADING, header:ignore, 0, 0, 0
71, nova_structures:wild_ruin, HEADING, header:ignore, 0, 0, 0
72, nova_structures:well_spruce, HEADING, header:ignore, 0, 0, 0
73, minecraft:shipwreck, HEADING, header:ignore, 0, 0, 0
74, nova_structures:tavern_oak, HEADING, header:ignore, 0, 0, 0
75, structory:outcast_villager_desert, HEADING, header:ignore, 0, 0, 0
76, explorify:mangrove_hut, HEADING, header:ignore, 0, 0, 0
77, nova_structures:remnant_graveyard, HEADING, header:ignore, 0, 0, 0
78, nova_structures:illager_hideout, HEADING, header:ignore, 0, 0, 0
79, nova_structures:remnant_mud_brick_constructor, HEADING, header:ignore, 0, 0, 0
80, nova_structures:piglin_donjon, HEADING, header:ignore, 0, 0, 0
81, nova_structures:deepslate_camp, HEADING, header:ignore, 0, 0, 0
82, structory:northern_ruin, HEADING, header:ignore, 0, 0, 0
83, nova_structures:illager_camp, HEADING, header:ignore, 0, 0, 0
84, nova_structures:firewatch_tower_jungle, HEADING, header:ignore, 0, 0, 0
85, structory:ruin_grassy, HEADING, header:ignore, 0, 0, 0
86, nova_structures:badlands_miner_outpost, HEADING, header:ignore, 0, 0, 0
87, nova_structures:shrine_combat_tier_3, HEADING, header:ignore, 0, 0, 0
88, nova_structures:nether_port, HEADING, header:ignore, 0, 0, 0
89, nova_structures:nether_port, MONSTER, minecraft:blaze, 10, 1, 2
90, nova_structures:nether_port, MONSTER, minecraft:zombified_piglin, 5, 1, 2
91, nova_structures:nether_port, MONSTER, minecraft:wither_skeleton, 10, 1, 3
92, nova_structures:nether_port, MONSTER, minecraft:skeleton, 10, 1, 5
93, nova_structures:nether_port, MONSTER, minecraft:magma_cube, 30, 1, 2
94, nova_structures:firewatch_tower_savanna, HEADING, header:ignore, 0, 0, 0
95, nova_structures:ruin_town, HEADING, header:ignore, 0, 0, 0
96, tide:fishing_boat, HEADING, header:ignore, 0, 0, 0
97, nova_structures:end_castle, HEADING, header:ignore, 0, 0, 0
98, nova_structures:end_castle, MONSTER, minecraft:phantom, 80, 4, 4
99, nova_structures:end_castle, MONSTER, minecraft:enderman, 80, 1, 4
100, nova_structures:end_castle, MONSTER, minecraft:endermite, 80, 1, 16
101, minecraft:village_plains, HEADING, header:ignore, 0, 0, 0
102, minecraft:village_snowy, HEADING, header:ignore, 0, 0, 0
103, explorify:supply_cache/forest, HEADING, header:ignore, 0, 0, 0
104, nova_structures:remnant_woodland_hud, HEADING, header:ignore, 0, 0, 0
105, nova_structures:shrine_combat_tier_2, HEADING, header:ignore, 0, 0, 0
106, nova_structures:remnant_school_remnant, HEADING, header:ignore, 0, 0, 0
107, structory:old_manor, HEADING, header:ignore, 0, 0, 0
108, minecraft:nether_fossil, HEADING, header:ignore, 0, 0, 0
109, minecraft:monument, HEADING, header:ignore, 0, 0, 0
110, minecraft:monument, MONSTER, minecraft:guardian, 5, 2, 4
111, minecraft:village_savanna, HEADING, header:ignore, 0, 0, 0
112, structory:firetower, HEADING, header:ignore, 0, 0, 0
113, nova_structures:remnant_birch_graveyard, HEADING, header:ignore, 0, 0, 0
114, nova_structures:well_birch, HEADING, header:ignore, 0, 0, 0
115, minecraft:pillager_outpost, HEADING, header:ignore, 0, 0, 0
116, minecraft:pillager_outpost, MONSTER, minecraft:pillager, 5, 1, 1
117, minecraft:end_city, HEADING, header:ignore, 0, 0, 0
118, nova_structures:skeleton_camp_waste, HEADING, header:ignore, 0, 0, 0
119, structory:boat, HEADING, header:ignore, 0, 0, 0
120, minecraft:ocean_ruin_cold, HEADING, header:ignore, 0, 0, 0
121, minecraft:trail_ruins, HEADING, header:ignore, 0, 0, 0
122, nova_structures:stray_fort, HEADING, header:ignore, 0, 0, 0
123, nova_structures:stray_fort, MONSTER, minecraft:stray, 5, 1, 32
124, explorify:guide_post_warm, HEADING, header:ignore, 0, 0, 0
125, nova_structures:remnant_ruin_farmer, HEADING, header:ignore, 0, 0, 0
126, nova_structures:underground_house, HEADING, header:ignore, 0, 0, 0
127, nova_structures:remnant_medium_remnant, HEADING, header:ignore, 0, 0, 0
128, nova_structures:shrine_combat_tier_5, HEADING, header:ignore, 0, 0, 0
129, nova_structures:shrine_combat_tier_1, HEADING, header:ignore, 0, 0, 0
130, explorify:watchtower/plains, HEADING, header:ignore, 0, 0, 0
131, minecraft:ruined_portal_ocean, HEADING, header:ignore, 0, 0, 0
132, nova_structures:piglin_outstation, HEADING, header:ignore, 0, 0, 0
133, nova_structures:piglin_outstation, MONSTER, minecraft:piglin, 5, 1, 1
134, minecraft:stronghold, HEADING, header:ignore, 0, 0, 0
135, minecraft:stronghold, MONSTER, minecraft:spider, 80, 4, 4
136, minecraft:stronghold, MONSTER, minecraft:zombie, 80, 4, 16
137, minecraft:stronghold, MONSTER, minecraft:zombie_villager, 5, 1, 1
138, minecraft:stronghold, MONSTER, minecraft:skeleton, 80, 4, 4
139, minecraft:stronghold, MONSTER, minecraft:creeper, 80, 4, 4
140, minecraft:stronghold, MONSTER, minecraft:slime, 80, 4, 4
141, minecraft:stronghold, MONSTER, minecraft:enderman, 80, 1, 4
142, minecraft:stronghold, MONSTER, minecraft:endermite, 80, 1, 16
143, minecraft:stronghold, MONSTER, minecraft:drowned, 80, 4, 4
144, minecraft:stronghold, MONSTER, minecraft:witch, 5, 1, 1
145, nova_structures:remnant_classic_village, HEADING, header:ignore, 0, 0, 0
146, minecraft:trial_chambers, HEADING, header:ignore, 0, 0, 0
147, nova_structures:remnant_sawmill, HEADING, header:ignore, 0, 0, 0
148, nova_structures:piglin_camp, HEADING, header:ignore, 0, 0, 0
149, structory:abandoned_camp, HEADING, header:ignore, 0, 0, 0
150, explorify:farmstead, HEADING, header:ignore, 0, 0, 0
151, nova_structures:remnant_ruin_smith, HEADING, header:ignore, 0, 0, 0
152, nova_structures:remnant_bee_keeper, HEADING, header:ignore, 0, 0, 0
153, nova_structures:firewatch_tower_dark_oak, HEADING, header:ignore, 0, 0, 0
154, explorify:supply_cache/dark, HEADING, header:ignore, 0, 0, 0
155, nova_structures:remnant_ominous_shop, HEADING, header:ignore, 0, 0, 0
156, nova_structures:desert_ruins, HEADING, header:ignore, 0, 0, 0
157, minecraft:bastion_remnant, HEADING, header:ignore, 0, 0, 0
158, explorify:campsite, HEADING, header:ignore, 0, 0, 0
159, structory:outcast_villager_grassy, HEADING, header:ignore, 0, 0, 0
160, nullscape:dragon_skeleton, HEADING, header:ignore, 0, 0, 0
161, structory:dense_forest_ruin, HEADING, header:ignore, 0, 0, 0
162, nova_structures:shrine_tower, HEADING, header:ignore, 0, 0, 0
163, nova_structures:remnant_frog_ranch, HEADING, header:ignore, 0, 0, 0
164, explorify:end_shipwreck, HEADING, header:ignore, 0, 0, 0
165, minecraft:ruined_portal_swamp, HEADING, header:ignore, 0, 0, 0
166, nova_structures:lone_citadel, HEADING, header:ignore, 0, 0, 0
167, minecraft:ocean_ruin_warm, HEADING, header:ignore, 0, 0, 0
168, nova_structures:creeping_crypt, HEADING, header:ignore, 0, 0, 0
169, minecraft:ruined_portal_mountain, HEADING, header:ignore, 0, 0, 0
170, nova_structures:tavern_acacia, HEADING, header:ignore, 0, 0, 0
171, friendsandfoes:illusioner_training_grounds, HEADING, header:ignore, 0, 0, 0
172, friendsandfoes:illusioner_training_grounds, MONSTER, friendsandfoes:illusioner, 5, 1, 1
173, friendsandfoes:illusioner_training_grounds, MONSTER, minecraft:pillager, 20, 1, 2
174, explorify:supply_cache/jungle, HEADING, header:ignore, 0, 0, 0
175, nova_structures:trident_trial_monument, HEADING, header:ignore, 0, 0, 0
176, minecraft:ruined_portal, HEADING, header:ignore, 0, 0, 0
177, nova_structures:firewatch_tower_mangrove, HEADING, header:ignore, 0, 0, 0
178, betterjungletemples:jungle_temple, HEADING, header:ignore, 0, 0, 0
179, nova_structures:well_jungle, HEADING, header:ignore, 0, 0, 0
180, minecraft:mineshaft, HEADING, header:ignore, 0, 0, 0
181, nova_structures:hamlet, HEADING, header:ignore, 0, 0, 0
182, minecraft:swamp_hut, HEADING, header:ignore, 0, 0, 0
183, minecraft:swamp_hut, MONSTER, minecraft:witch, 5, 1, 1
184, minecraft:swamp_hut, CREATURE, minecraft:cat, 5, 1, 1
185, minecraft:mineshaft_mesa, HEADING, header:ignore, 0, 0, 0
186, nova_structures:village_swamp, HEADING, header:ignore, 0, 0, 0
187, minecraft:igloo, HEADING, header:ignore, 0, 0, 0
188, explorify:black_spiral, HEADING, header:ignore, 0, 0, 0
189, nova_structures:firewatch_tower_forest, HEADING, header:ignore, 0, 0, 0
190, explorify:supply_cache/birch, HEADING, header:ignore, 0, 0, 0
191, nova_structures:tavern_dark_oak, HEADING, header:ignore, 0, 0, 0
192, nullscape:rift, HEADING, header:ignore, 0, 0, 0
193, nova_structures:nether_skeleton_tower_soul, HEADING, header:ignore, 0, 0, 0
194, nova_structures:remnant_forest_smith, HEADING, header:ignore, 0, 0, 0
195, nova_structures:remnant_big_remnant, HEADING, header:ignore, 0, 0, 0
196, nova_structures:tavern_jungle, HEADING, header:ignore, 0, 0, 0
197, nova_structures:tavern_desert, HEADING, header:ignore, 0, 0, 0
198, structory:graveyard, HEADING, header:ignore, 0, 0, 0
199, nova_structures:village_jungle, HEADING, header:ignore, 0, 0, 0
200, nova_structures:tavern_cherry, HEADING, header:ignore, 0, 0, 0
201, nova_structures:firewatch_tower_swamp, HEADING, header:ignore, 0, 0, 0
202, minecraft:buried_treasure, HEADING, header:ignore, 0, 0, 0
203, nova_structures:end_lighthouse, HEADING, header:ignore, 0, 0, 0
204, minecraft:desert_pyramid, HEADING, header:ignore, 0, 0, 0
205, minecraft:ancient_city, HEADING, header:ignore, 0, 0, 0
206, nova_structures:undead_crypt, HEADING, header:ignore, 0, 0, 0
207, explorify:supply_cache/mangrove, HEADING, header:ignore, 0, 0, 0
208, explorify:dark_forest_settlement, HEADING, header:ignore, 0, 0, 0
209, nova_structures:nether_skeleton_tower_waste, HEADING, header:ignore, 0, 0, 0
210, nova_structures:tavern_snowy, HEADING, header:ignore, 0, 0, 0
211, structory:jungle_ruin, HEADING, header:ignore, 0, 0, 0
212, structory:jungle_ruin, MONSTER, minecraft:creeper, 10, 4, 4
213, minecraft:shipwreck_beached, HEADING, header:ignore, 0, 0, 0
214, minecraft:village_desert, HEADING, header:ignore, 0, 0, 0
215, nova_structures:tavern_swamp, HEADING, header:ignore, 0, 0, 0
216, minecraft:ruined_portal_jungle, HEADING, header:ignore, 0, 0, 0
217, explorify:desert_shrine, HEADING, header:ignore, 0, 0, 0
218, nova_structures:well_savana, HEADING, header:ignore, 0, 0, 0
219, nova_structures:jungle_ruins, HEADING, header:ignore, 0, 0, 0
220, nova_structures:jungle_ruins, MONSTER, minecraft:spider, 80, 4, 4
221, nova_structures:jungle_ruins, MONSTER, minecraft:zombie, 80, 4, 4
222, nova_structures:jungle_ruins, MONSTER, minecraft:zombie_villager, 5, 1, 1
223, nova_structures:jungle_ruins, MONSTER, minecraft:skeleton, 80, 4, 4
224, nova_structures:jungle_ruins, MONSTER, minecraft:creeper, 80, 4, 4
225, nova_structures:jungle_ruins, MONSTER, minecraft:slime, 80, 4, 4
226, nova_structures:jungle_ruins, MONSTER, minecraft:enderman, 30, 1, 4
227, nova_structures:jungle_ruins, MONSTER, minecraft:drowned, 80, 4, 4
228, nova_structures:jungle_ruins, MONSTER, minecraft:witch, 5, 1, 1
229, nova_structures:jungle_ruins, MONSTER, minecraft:bogged, 80, 4, 4
230, nova_structures:remnant_desert_remnant, HEADING, header:ignore, 0, 0, 0
231, explorify:watchtower/savanna, HEADING, header:ignore, 0, 0, 0
232, minecraft:jungle_pyramid, HEADING, header:ignore, 0, 0, 0
233, friendsandfoes:illusioner_shack, HEADING, header:ignore, 0, 0, 0
234, friendsandfoes:illusioner_shack, MONSTER, friendsandfoes:illusioner, 5, 1, 1
235, explorify:badlands_pyramid, HEADING, header:ignore, 0, 0, 0
236, explorify:watchtower/taiga, HEADING, header:ignore, 0, 0, 0
237, nova_structures:village_birch, HEADING, header:ignore, 0, 0, 0
238, nova_structures:mangrove_witch_hut, HEADING, header:ignore, 0, 0, 0
239, nova_structures:mangrove_witch_hut, MONSTER, minecraft:witch, 5, 1, 1
240, nova_structures:mangrove_witch_hut, CREATURE, minecraft:cat, 5, 1, 1
241, nova_structures:nether_skeleton_tower_crimson, HEADING, header:ignore, 0, 0, 0
242, explorify:ruins, HEADING, header:ignore, 0, 0, 0
