* This is the StructMobWeight report file that is output every time the server starts.
* 
* Spawn Balance Utility (SBU) will use this file ONLY if it is renamed to StructMobWeight.csv.
* Lines starting with '*' are comments and ignored
* It allows you to add and remove mobs and adjust their spawnweights for Structures
* like shipwrecks, nether fortresses, water monuments, etc.
* 
1211, nova_structures:firewatch_tower_mangrove, HEADING, header:ignore, 0, 0, 0
1212, explorify:end_shipwreck, HEADING, header:ignore, 0, 0, 0
1213, nova_structures:tavern_oak, HEADING, header:ignore, 0, 0, 0
1214, nova_structures:nether_keep, HEADING, header:ignore, 0, 0, 0
1215, nova_structures:nether_keep, MONSTER, minecraft:blaze, 80, 2, 3
1216, nova_structures:nether_keep, MONSTER, minecraft:zombified_piglin, 50, 4, 4
1217, nova_structures:nether_keep, MONSTER, minecraft:wither_skeleton, 80, 5, 5
1218, nova_structures:nether_keep, MONSTER, minecraft:skeleton, 20, 5, 5
1219, nova_structures:nether_keep, MONSTER, minecraft:magma_cube, 30, 4, 4
1220, nova_structures:illager_camp, HEADING, header:ignore, 0, 0, 0
1221, explorify:watchtower/plains, HEADING, header:ignore, 0, 0, 0
1222, structory:taiga_ruin_surface, HEADING, header:ignore, 0, 0, 0
1223, nova_structures:village_jungle, HEADING, header:ignore, 0, 0, 0
1224, nova_structures:end_castle, HEADING, header:ignore, 0, 0, 0
1225, nova_structures:end_castle, MONSTER, minecraft:phantom, 80, 4, 4
1226, nova_structures:end_castle, MONSTER, minecraft:enderman, 80, 1, 4
1227, nova_structures:end_castle, MONSTER, minecraft:endermite, 80, 1, 16
1228, structory:ruin_grassy, HEADING, header:ignore, 0, 0, 0
1229, explorify:desert_shrine, HEADING, header:ignore, 0, 0, 0
1230, explorify:supply_cache/jungle, HEADING, header:ignore, 0, 0, 0
1231, nova_structures:shrine_tower, HEADING, header:ignore, 0, 0, 0
1232, nova_structures:illager_hideout, HEADING, header:ignore, 0, 0, 0
1233, nova_structures:firewatch_tower_savanna, HEADING, header:ignore, 0, 0, 0
1234, minecraft:igloo, HEADING, header:ignore, 0, 0, 0
1235, minecraft:village_desert, HEADING, header:ignore, 0, 0, 0
1236, nova_structures:skeleton_camp_warped, HEADING, header:ignore, 0, 0, 0
1237, nova_structures:remnant_forest_smith, HEADING, header:ignore, 0, 0, 0
1238, explorify:campsite, HEADING, header:ignore, 0, 0, 0
1239, nova_structures:remnant_big_remnant, HEADING, header:ignore, 0, 0, 0
1240, minecraft:ruined_portal_desert, HEADING, header:ignore, 0, 0, 0
1241, nova_structures:tavern_spruce, HEADING, header:ignore, 0, 0, 0
1242, nova_structures:remnant_zombie_horse_ranch, HEADING, header:ignore, 0, 0, 0
1243, nova_structures:firewatch_tower_birch, HEADING, header:ignore, 0, 0, 0
1244, explorify:watchtower/taiga, HEADING, header:ignore, 0, 0, 0
1245, nova_structures:tavern_cherry, HEADING, header:ignore, 0, 0, 0
1246, nova_structures:remnant_bee_keeper, HEADING, header:ignore, 0, 0, 0
1247, structory:outcast_villager_grassy, HEADING, header:ignore, 0, 0, 0
1248, nova_structures:well_spruce, HEADING, header:ignore, 0, 0, 0
1249, structory:swamp_ruin, HEADING, header:ignore, 0, 0, 0
1250, nova_structures:remnant_woodland_hud, HEADING, header:ignore, 0, 0, 0
1251, nova_structures:remnant_graveyard, HEADING, header:ignore, 0, 0, 0
1252, structory:firetower, HEADING, header:ignore, 0, 0, 0
1253, explorify:dark_forest_settlement, HEADING, header:ignore, 0, 0, 0
1254, nova_structures:tavern_acacia, HEADING, header:ignore, 0, 0, 0
1255, tide:fishing_boat, HEADING, header:ignore, 0, 0, 0
1256, nova_structures:well_jungle, HEADING, header:ignore, 0, 0, 0
1257, minecraft:village_savanna, HEADING, header:ignore, 0, 0, 0
1258, minecraft:ruined_portal_ocean, HEADING, header:ignore, 0, 0, 0
1259, minecraft:ocean_ruin_cold, HEADING, header:ignore, 0, 0, 0
1260, minecraft:village_taiga, HEADING, header:ignore, 0, 0, 0
1261, explorify:supply_cache/mangrove, HEADING, header:ignore, 0, 0, 0
1262, nova_structures:remnant_ruin_smith, HEADING, header:ignore, 0, 0, 0
1263, nova_structures:end_ship, HEADING, header:ignore, 0, 0, 0
1264, explorify:mausoleum, HEADING, header:ignore, 0, 0, 0
1265, nova_structures:remnant_bunny_base, HEADING, header:ignore, 0, 0, 0
1266, nova_structures:remnant_classic_village, HEADING, header:ignore, 0, 0, 0
1267, nova_structures:mangrove_witch_hut, HEADING, header:ignore, 0, 0, 0
1268, nova_structures:mangrove_witch_hut, MONSTER, minecraft:witch, 5, 1, 1
1269, nova_structures:mangrove_witch_hut, CREATURE, minecraft:cat, 5, 1, 1
1270, nova_structures:end_lighthouse, HEADING, header:ignore, 0, 0, 0
1271, nullscape:dragon_skeleton, HEADING, header:ignore, 0, 0, 0
1272, minecraft:ruined_portal, HEADING, header:ignore, 0, 0, 0
1273, nova_structures:nether_skeleton_tower_waste, HEADING, header:ignore, 0, 0, 0
1274, nova_structures:underground_house, HEADING, header:ignore, 0, 0, 0
1275, nova_structures:village_birch, HEADING, header:ignore, 0, 0, 0
1276, nova_structures:firewatch_tower_taiga, HEADING, header:ignore, 0, 0, 0
1277, nova_structures:skeleton_camp_crimson, HEADING, header:ignore, 0, 0, 0
1278, minecraft:ruined_portal_nether, HEADING, header:ignore, 0, 0, 0
1279, nova_structures:well_dark_oak, HEADING, header:ignore, 0, 0, 0
1280, minecraft:bastion_remnant, HEADING, header:ignore, 0, 0, 0
1281, nova_structures:piglin_donjon, HEADING, header:ignore, 0, 0, 0
1282, minecraft:mineshaft_mesa, HEADING, header:ignore, 0, 0, 0
1283, minecraft:ruined_portal_swamp, HEADING, header:ignore, 0, 0, 0
1284, nova_structures:firewatch_tower_forest, HEADING, header:ignore, 0, 0, 0
1285, friendsandfoes:illusioner_training_grounds, HEADING, header:ignore, 0, 0, 0
1286, friendsandfoes:illusioner_training_grounds, MONSTER, friendsandfoes:illusioner, 5, 1, 1
1287, friendsandfoes:illusioner_training_grounds, MONSTER, minecraft:pillager, 20, 1, 2
1288, nova_structures:illager_manor, HEADING, header:ignore, 0, 0, 0
1289, nova_structures:toxic_lair, HEADING, header:ignore, 0, 0, 0
1290, nova_structures:toxic_lair, MONSTER, minecraft:spider, 80, 4, 4
1291, nova_structures:toxic_lair, MONSTER, minecraft:zombie, 80, 4, 16
1292, nova_structures:toxic_lair, MONSTER, minecraft:zombie_villager, 5, 1, 1
1293, nova_structures:toxic_lair, MONSTER, minecraft:skeleton, 80, 4, 4
1294, nova_structures:toxic_lair, MONSTER, minecraft:creeper, 80, 4, 4
1295, nova_structures:toxic_lair, MONSTER, minecraft:slime, 80, 4, 4
1296, nova_structures:toxic_lair, MONSTER, minecraft:enderman, 30, 1, 4
1297, nova_structures:toxic_lair, MONSTER, minecraft:cave_spider, 80, 1, 16
1298, nova_structures:toxic_lair, MONSTER, minecraft:drowned, 80, 4, 4
1299, nova_structures:toxic_lair, MONSTER, minecraft:witch, 80, 1, 1
1300, nova_structures:toxic_lair, MONSTER, minecraft:bogged, 80, 1, 1
1301, nova_structures:toxic_lair, MONSTER, minecraft:pufferfish, 80, 1, 1
1302, nova_structures:firewatch_tower_dark_oak, HEADING, header:ignore, 0, 0, 0
1303, nova_structures:wild_ruin, HEADING, header:ignore, 0, 0, 0
1304, nova_structures:hamlet, HEADING, header:ignore, 0, 0, 0
1305, nova_structures:nether_skeleton_tower_soul, HEADING, header:ignore, 0, 0, 0
1306, nova_structures:skeleton_camp_waste, HEADING, header:ignore, 0, 0, 0
1307, structory:northern_ruin, HEADING, header:ignore, 0, 0, 0
1308, explorify:supply_cache/taiga, HEADING, header:ignore, 0, 0, 0
1309, nova_structures:remnant_desert_remnant, HEADING, header:ignore, 0, 0, 0
1310, explorify:tavern, HEADING, header:ignore, 0, 0, 0
1311, minecraft:ruined_portal_jungle, HEADING, header:ignore, 0, 0, 0
1312, nova_structures:village_swamp, HEADING, header:ignore, 0, 0, 0
1313, nova_structures:conduit_ruin, HEADING, header:ignore, 0, 0, 0
1314, nova_structures:conduit_ruin, MONSTER, minecraft:guardian, 5, 1, 1
1315, nova_structures:conduit_ruin, MONSTER, minecraft:drowned, 5, 1, 2
1316, nova_structures:remnant_ruin_farmer, HEADING, header:ignore, 0, 0, 0
1317, nova_structures:skeleton_camp_soul, HEADING, header:ignore, 0, 0, 0
1318, nova_structures:lone_citadel, HEADING, header:ignore, 0, 0, 0
1319, nova_structures:jungle_ruins, HEADING, header:ignore, 0, 0, 0
1320, nova_structures:jungle_ruins, MONSTER, minecraft:spider, 80, 4, 4
1321, nova_structures:jungle_ruins, MONSTER, minecraft:zombie, 80, 4, 4
1322, nova_structures:jungle_ruins, MONSTER, minecraft:zombie_villager, 5, 1, 1
1323, nova_structures:jungle_ruins, MONSTER, minecraft:skeleton, 80, 4, 4
1324, nova_structures:jungle_ruins, MONSTER, minecraft:creeper, 80, 4, 4
1325, nova_structures:jungle_ruins, MONSTER, minecraft:slime, 80, 4, 4
1326, nova_structures:jungle_ruins, MONSTER, minecraft:enderman, 30, 1, 4
1327, nova_structures:jungle_ruins, MONSTER, minecraft:drowned, 80, 4, 4
1328, nova_structures:jungle_ruins, MONSTER, minecraft:witch, 5, 1, 1
1329, nova_structures:jungle_ruins, MONSTER, minecraft:bogged, 80, 4, 4
1330, minecraft:shipwreck, HEADING, header:ignore, 0, 0, 0
1331, explorify:mangrove_hut, HEADING, header:ignore, 0, 0, 0
1332, nova_structures:well_savana, HEADING, header:ignore, 0, 0, 0
1333, nova_structures:tavern_birch, HEADING, header:ignore, 0, 0, 0
1334, minecraft:ruined_portal_mountain, HEADING, header:ignore, 0, 0, 0
1335, nova_structures:tavern_swamp, HEADING, header:ignore, 0, 0, 0
1336, minecraft:village_snowy, HEADING, header:ignore, 0, 0, 0
1337, nova_structures:remnant_mud_brick_constructor, HEADING, header:ignore, 0, 0, 0
1338, nova_structures:tavern_desert, HEADING, header:ignore, 0, 0, 0
1339, structory:outcast_villager_desert, HEADING, header:ignore, 0, 0, 0
1340, structory:abandoned_camp, HEADING, header:ignore, 0, 0, 0
1341, nova_structures:tavern_mangrove, HEADING, header:ignore, 0, 0, 0
1342, friendsandfoes:iceologer_cabin, HEADING, header:ignore, 0, 0, 0
1343, friendsandfoes:iceologer_cabin, MONSTER, friendsandfoes:iceologer, 5, 1, 1
1344, minecraft:jungle_pyramid, HEADING, header:ignore, 0, 0, 0
1345, minecraft:fortress, HEADING, header:ignore, 0, 0, 0
1346, minecraft:fortress, MONSTER, minecraft:blaze, 10, 2, 3
1347, minecraft:fortress, MONSTER, minecraft:zombified_piglin, 5, 4, 4
1348, minecraft:fortress, MONSTER, minecraft:wither_skeleton, 8, 5, 5
1349, minecraft:fortress, MONSTER, minecraft:skeleton, 20, 5, 5
1350, minecraft:fortress, MONSTER, minecraft:magma_cube, 30, 4, 4
1351, minecraft:buried_treasure, HEADING, header:ignore, 0, 0, 0
1352, minecraft:mineshaft, HEADING, header:ignore, 0, 0, 0
1353, explorify:supply_cache/desert, HEADING, header:ignore, 0, 0, 0
1354, minecraft:nether_fossil, HEADING, header:ignore, 0, 0, 0
1355, structory:graveyard, HEADING, header:ignore, 0, 0, 0
1356, nova_structures:deepslate_camp, HEADING, header:ignore, 0, 0, 0
1357, nova_structures:witch_villa, HEADING, header:ignore, 0, 0, 0
1358, minecraft:monument, HEADING, header:ignore, 0, 0, 0
1359, minecraft:monument, MONSTER, minecraft:guardian, 5, 2, 4
1360, structory:dense_forest_ruin, HEADING, header:ignore, 0, 0, 0
1361, nova_structures:firewatch_tower_cherry, HEADING, header:ignore, 0, 0, 0
1362, friendsandfoes:citadel, HEADING, header:ignore, 0, 0, 0
1363, friendsandfoes:citadel, MONSTER, minecraft:blaze, 5, 1, 2
1364, structory:jungle_ruin, HEADING, header:ignore, 0, 0, 0
1365, structory:jungle_ruin, MONSTER, minecraft:creeper, 10, 4, 4
1366, nova_structures:stray_fort, HEADING, header:ignore, 0, 0, 0
1367, nova_structures:stray_fort, MONSTER, minecraft:stray, 5, 1, 32
1368, nova_structures:badlands_miner_outpost, HEADING, header:ignore, 0, 0, 0
1369, minecraft:stronghold, HEADING, header:ignore, 0, 0, 0
1370, minecraft:stronghold, MONSTER, minecraft:spider, 80, 4, 4
1371, minecraft:stronghold, MONSTER, minecraft:zombie, 80, 4, 16
1372, minecraft:stronghold, MONSTER, minecraft:zombie_villager, 5, 1, 1
1373, minecraft:stronghold, MONSTER, minecraft:skeleton, 80, 4, 4
1374, minecraft:stronghold, MONSTER, minecraft:creeper, 80, 4, 4
1375, minecraft:stronghold, MONSTER, minecraft:slime, 80, 4, 4
1376, minecraft:stronghold, MONSTER, minecraft:enderman, 80, 1, 4
1377, minecraft:stronghold, MONSTER, minecraft:endermite, 80, 1, 16
1378, minecraft:stronghold, MONSTER, minecraft:drowned, 80, 4, 4
1379, minecraft:stronghold, MONSTER, minecraft:witch, 5, 1, 1
1380, minecraft:ancient_city, HEADING, header:ignore, 0, 0, 0
1381, minecraft:swamp_hut, HEADING, header:ignore, 0, 0, 0
1382, minecraft:swamp_hut, MONSTER, minecraft:witch, 5, 1, 1
1383, minecraft:swamp_hut, CREATURE, minecraft:cat, 5, 1, 1
1384, nullscape:rift, HEADING, header:ignore, 0, 0, 0
1385, minecraft:shipwreck_beached, HEADING, header:ignore, 0, 0, 0
1386, nova_structures:shrine_combat_tier_4, HEADING, header:ignore, 0, 0, 0
1387, explorify:farmstead, HEADING, header:ignore, 0, 0, 0
1388, explorify:supply_cache/birch, HEADING, header:ignore, 0, 0, 0
1389, nova_structures:remnant_sawmill, HEADING, header:ignore, 0, 0, 0
1390, explorify:guide_post_cold, HEADING, header:ignore, 0, 0, 0
1391, minecraft:trial_chambers, HEADING, header:ignore, 0, 0, 0
1392, nova_structures:tavern_snowy, HEADING, header:ignore, 0, 0, 0
1393, nova_structures:remnant_school_remnant, HEADING, header:ignore, 0, 0, 0
1394, nova_structures:trident_trial_monument, HEADING, header:ignore, 0, 0, 0
1395, explorify:ruins, HEADING, header:ignore, 0, 0, 0
1396, nova_structures:piglin_camp, HEADING, header:ignore, 0, 0, 0
1397, minecraft:end_city, HEADING, header:ignore, 0, 0, 0
1398, nova_structures:ruin_town, HEADING, header:ignore, 0, 0, 0
1399, nova_structures:shrine_combat_tier_5, HEADING, header:ignore, 0, 0, 0
1400, nova_structures:firewatch_tower_swamp, HEADING, header:ignore, 0, 0, 0
1401, minecraft:trail_ruins, HEADING, header:ignore, 0, 0, 0
1402, nova_structures:nether_skeleton_tower_crimson, HEADING, header:ignore, 0, 0, 0
1403, betterjungletemples:jungle_temple, HEADING, header:ignore, 0, 0, 0
1404, minecraft:pillager_outpost, HEADING, header:ignore, 0, 0, 0
1405, minecraft:pillager_outpost, MONSTER, minecraft:pillager, 5, 1, 1
1406, explorify:supply_cache/dark, HEADING, header:ignore, 0, 0, 0
1407, friendsandfoes:illusioner_shack, HEADING, header:ignore, 0, 0, 0
1408, friendsandfoes:illusioner_shack, MONSTER, friendsandfoes:illusioner, 5, 1, 1
1409, nova_structures:remnant_frog_ranch, HEADING, header:ignore, 0, 0, 0
1410, minecraft:village_plains, HEADING, header:ignore, 0, 0, 0
1411, explorify:guide_post_warm, HEADING, header:ignore, 0, 0, 0
1412, nova_structures:creeping_crypt, HEADING, header:ignore, 0, 0, 0
1413, minecraft:desert_pyramid, HEADING, header:ignore, 0, 0, 0
1414, explorify:supply_cache/forest, HEADING, header:ignore, 0, 0, 0
1415, nova_structures:remnant_medium_remnant_2, HEADING, header:ignore, 0, 0, 0
1416, nova_structures:remnant_big_remnant_2, HEADING, header:ignore, 0, 0, 0
1417, structory:abandoned_chapel, HEADING, header:ignore, 0, 0, 0
1418, minecraft:ocean_ruin_warm, HEADING, header:ignore, 0, 0, 0
1419, nova_structures:well_oak, HEADING, header:ignore, 0, 0, 0
1420, nova_structures:well_birch, HEADING, header:ignore, 0, 0, 0
1421, nova_structures:firewatch_tower_jungle, HEADING, header:ignore, 0, 0, 0
1422, structory:boat, HEADING, header:ignore, 0, 0, 0
1423, explorify:black_spiral, HEADING, header:ignore, 0, 0, 0
1424, nova_structures:remnant_ominous_shop, HEADING, header:ignore, 0, 0, 0
1425, minecraft:mansion, HEADING, header:ignore, 0, 0, 0
1426, nova_structures:remnant_birch_graveyard, HEADING, header:ignore, 0, 0, 0
1427, explorify:badlands_pyramid, HEADING, header:ignore, 0, 0, 0
1428, explorify:watchtower/savanna, HEADING, header:ignore, 0, 0, 0
1429, nova_structures:remnant_big_remnant_3, HEADING, header:ignore, 0, 0, 0
1430, nova_structures:bunker, HEADING, header:ignore, 0, 0, 0
1431, nova_structures:nether_skeleton_tower_warped, HEADING, header:ignore, 0, 0, 0
1432, nova_structures:piglin_outstation, HEADING, header:ignore, 0, 0, 0
1433, nova_structures:piglin_outstation, MONSTER, minecraft:piglin, 5, 1, 1
1434, structory:taiga_ruin_underground, HEADING, header:ignore, 0, 0, 0
1435, nova_structures:remnant_taiga_castle, HEADING, header:ignore, 0, 0, 0
1436, nova_structures:shrine_combat_tier_2, HEADING, header:ignore, 0, 0, 0
1437, nova_structures:remnant_bridge_remnant, HEADING, header:ignore, 0, 0, 0
1438, nova_structures:undead_crypt, HEADING, header:ignore, 0, 0, 0
1439, nova_structures:remnant_miner_hut, HEADING, header:ignore, 0, 0, 0
1440, structory:old_manor, HEADING, header:ignore, 0, 0, 0
1441, nova_structures:desert_ruins, HEADING, header:ignore, 0, 0, 0
1442, nova_structures:tavern_jungle, HEADING, header:ignore, 0, 0, 0
1443, nova_structures:tavern_dark_oak, HEADING, header:ignore, 0, 0, 0
1444, nova_structures:shrine_combat_tier_1, HEADING, header:ignore, 0, 0, 0
1445, nova_structures:shrine_combat_tier_3, HEADING, header:ignore, 0, 0, 0
1446, nova_structures:nether_port, HEADING, header:ignore, 0, 0, 0
1447, nova_structures:nether_port, MONSTER, minecraft:blaze, 10, 1, 2
1448, nova_structures:nether_port, MONSTER, minecraft:zombified_piglin, 5, 1, 2
1449, nova_structures:nether_port, MONSTER, minecraft:wither_skeleton, 10, 1, 3
1450, nova_structures:nether_port, MONSTER, minecraft:skeleton, 10, 1, 5
1451, nova_structures:nether_port, MONSTER, minecraft:magma_cube, 30, 1, 2
1452, nova_structures:remnant_medium_remnant, HEADING, header:ignore, 0, 0, 0
